<html>
<body>
<pre>
<h1>礦ision Build Log</h1>
<h2>Project:</h2>
D:\BaiduYunDownload\STM32F103C8T6最小系统版资料\STM32F103C8T6例程\基本例程-TIM定时器操作\TIM定时器操作\USER\STM32-DEMO.uvproj
Project File Date:  03/01/2013

<h2>Output:</h2>
Rebuild target 'TIM3-DEMO'
assembling startup_stm32f10x_hd.s...
compiling main.c...
compiling stm32f10x_it.c...
compiling led.c...
compiling Time_test.c...
compiling stm32f10x_gpio.c...
compiling stm32f10x_rcc.c...
compiling misc.c...
compiling stm32f10x_tim.c...
compiling stm32f10x_usart.c...
compiling core_cm3.c...
compiling system_stm32f10x.c...
linking...
Program Size: Code=5768 RO-data=336 RW-data=24 ZI-data=512  
FromELF: creating hex file...
"..\Output\STM32-DEMO.axf" - 0 Errors, 0 Warning(s).
Rebuild target 'TIM3-DEMO'
assembling startup_stm32f10x_hd.s...
compiling main.c...
compiling stm32f10x_it.c...
compiling led.c...
compiling Time_test.c...
compiling stm32f10x_gpio.c...
compiling stm32f10x_rcc.c...
compiling misc.c...
compiling stm32f10x_tim.c...
compiling stm32f10x_usart.c...
compiling core_cm3.c...
compiling system_stm32f10x.c...
linking...
Program Size: Code=5768 RO-data=336 RW-data=24 ZI-data=512  
FromELF: creating hex file...
".\STM32-DEMO.axf" - 0 Errors, 0 Warning(s).
Rebuild target 'TIM3-DEMO'
assembling startup_stm32f10x_hd.s...
compiling main.c...
compiling stm32f10x_it.c...
compiling led.c...
compiling Time_test.c...
compiling stm32f10x_gpio.c...
compiling stm32f10x_rcc.c...
compiling misc.c...
compiling stm32f10x_tim.c...
compiling stm32f10x_usart.c...
compiling core_cm3.c...
compiling system_stm32f10x.c...
linking...
Program Size: Code=5768 RO-data=336 RW-data=24 ZI-data=512  
FromELF: creating hex file...
".\STM32-DEMO.axf" - 0 Errors, 0 Warning(s).
*** Note: 'Create Batch File' is active - using 'Rebuild'.
Rebuild target 'TIM3-DEMO'
assembling startup_stm32f10x_hd.s...
compiling main.c...
compiling stm32f10x_it.c...
compiling led.c...
compiling Time_test.c...
compiling stm32f10x_gpio.c...
compiling stm32f10x_rcc.c...
compiling misc.c...
compiling stm32f10x_tim.c...
compiling stm32f10x_usart.c...
compiling core_cm3.c...
compiling system_stm32f10x.c...
linking...
Program Size: Code=5768 RO-data=336 RW-data=24 ZI-data=512  
FromELF: creating hex file...
".\STM32-DEMO.axf" - 0 Errors, 0 Warning(s).
*** Note: 'Create Batch File' is active - using 'Rebuild'.
Rebuild target 'TIM3-DEMO'
assembling startup_stm32f10x_hd.s...
compiling main.c...
compiling stm32f10x_it.c...
compiling led.c...
compiling Time_test.c...
compiling stm32f10x_gpio.c...
compiling stm32f10x_rcc.c...
compiling misc.c...
compiling stm32f10x_tim.c...
compiling stm32f10x_usart.c...
compiling core_cm3.c...
compiling system_stm32f10x.c...
linking...
Program Size: Code=5768 RO-data=336 RW-data=24 ZI-data=512  
FromELF: creating hex file...
".\STM32-DEMO.axf" - 0 Errors, 0 Warning(s).
Rebuild target 'TIM3-DEMO'
assembling startup_stm32f10x_hd.s...
compiling main.c...
compiling stm32f10x_it.c...
compiling led.c...
compiling Time_test.c...
compiling stm32f10x_gpio.c...
compiling stm32f10x_rcc.c...
compiling misc.c...
compiling stm32f10x_tim.c...
compiling stm32f10x_usart.c...
compiling core_cm3.c...
compiling system_stm32f10x.c...
linking...
Program Size: Code=5768 RO-data=336 RW-data=24 ZI-data=512  
FromELF: creating hex file...
".\STM32-DEMO.axf" - 0 Errors, 0 Warning(s).
*** Note: 'Create Batch File' is active - using 'Rebuild'.
Rebuild target 'TIM3-DEMO'
assembling startup_stm32f10x_hd.s...
compiling main.c...
compiling stm32f10x_it.c...
compiling led.c...
compiling Time_test.c...
compiling stm32f10x_gpio.c...
compiling stm32f10x_rcc.c...
compiling misc.c...
compiling stm32f10x_tim.c...
compiling stm32f10x_usart.c...
compiling core_cm3.c...
compiling system_stm32f10x.c...
linking...
Program Size: Code=5768 RO-data=336 RW-data=24 ZI-data=512  
FromELF: creating hex file...
".\STM32-DEMO.axf" - 0 Errors, 0 Warning(s).
*** Note: 'Create Batch File' is active - using 'Rebuild'.
Rebuild target 'TIM3-DEMO'
assembling startup_stm32f10x_hd.s...
compiling main.c...
compiling stm32f10x_it.c...
compiling led.c...
compiling Time_test.c...
compiling stm32f10x_gpio.c...
compiling stm32f10x_rcc.c...
compiling misc.c...
compiling stm32f10x_tim.c...
compiling stm32f10x_usart.c...
compiling core_cm3.c...
compiling system_stm32f10x.c...
linking...
Program Size: Code=5768 RO-data=336 RW-data=24 ZI-data=512  
FromELF: creating hex file...
".\STM32-DEMO.axf" - 0 Errors, 0 Warning(s).
