###############################################################################
#
# IAR ELF Linker V8.40.1.212/W32 for ARM                  06/Jan/2022  16:19:41
# Copyright 2007-2019 IAR Systems AB.
#
#    Output file  =  D:\ARMworkspace\demo_test\Debug\Exe\demo_test.out
#    Map file     =  D:\ARMworkspace\demo_test\Debug\List\demo_test.map
#    Command line =
#        -f C:\Users\LISONG~1\AppData\Local\Temp\EWBFFE.tmp
#        (D:\ARMworkspace\demo_test\Debug\Obj\core_cm3.o
#        D:\ARMworkspace\demo_test\Debug\Obj\delay.o
#        D:\ARMworkspace\demo_test\Debug\Obj\hup.o
#        D:\ARMworkspace\demo_test\Debug\Obj\iic.o
#        D:\ARMworkspace\demo_test\Debug\Obj\key.o
#        D:\ARMworkspace\demo_test\Debug\Obj\led.o
#        D:\ARMworkspace\demo_test\Debug\Obj\main.o
#        D:\ARMworkspace\demo_test\Debug\Obj\misc.o
#        D:\ARMworkspace\demo_test\Debug\Obj\oled_iic.o
#        D:\ARMworkspace\demo_test\Debug\Obj\pwm.o
#        D:\ARMworkspace\demo_test\Debug\Obj\ring_buffer_fifo.o
#        D:\ARMworkspace\demo_test\Debug\Obj\startup_stm32f10x_cl.o
#        D:\ARMworkspace\demo_test\Debug\Obj\stm32f10x_adc.o
#        D:\ARMworkspace\demo_test\Debug\Obj\stm32f10x_bkp.o
#        D:\ARMworkspace\demo_test\Debug\Obj\stm32f10x_can.o
#        D:\ARMworkspace\demo_test\Debug\Obj\stm32f10x_cec.o
#        D:\ARMworkspace\demo_test\Debug\Obj\stm32f10x_crc.o
#        D:\ARMworkspace\demo_test\Debug\Obj\stm32f10x_dac.o
#        D:\ARMworkspace\demo_test\Debug\Obj\stm32f10x_dbgmcu.o
#        D:\ARMworkspace\demo_test\Debug\Obj\stm32f10x_dma.o
#        D:\ARMworkspace\demo_test\Debug\Obj\stm32f10x_exti.o
#        D:\ARMworkspace\demo_test\Debug\Obj\stm32f10x_flash.o
#        D:\ARMworkspace\demo_test\Debug\Obj\stm32f10x_fsmc.o
#        D:\ARMworkspace\demo_test\Debug\Obj\stm32f10x_gpio.o
#        D:\ARMworkspace\demo_test\Debug\Obj\stm32f10x_i2c.o
#        D:\ARMworkspace\demo_test\Debug\Obj\stm32f10x_it.o
#        D:\ARMworkspace\demo_test\Debug\Obj\stm32f10x_iwdg.o
#        D:\ARMworkspace\demo_test\Debug\Obj\stm32f10x_pwr.o
#        D:\ARMworkspace\demo_test\Debug\Obj\stm32f10x_rcc.o
#        D:\ARMworkspace\demo_test\Debug\Obj\stm32f10x_rtc.o
#        D:\ARMworkspace\demo_test\Debug\Obj\stm32f10x_sdio.o
#        D:\ARMworkspace\demo_test\Debug\Obj\stm32f10x_spi.o
#        D:\ARMworkspace\demo_test\Debug\Obj\stm32f10x_tim.o
#        D:\ARMworkspace\demo_test\Debug\Obj\stm32f10x_usart.o
#        D:\ARMworkspace\demo_test\Debug\Obj\stm32f10x_wwdg.o
#        D:\ARMworkspace\demo_test\Debug\Obj\system_stm32f10x.o
#        D:\ARMworkspace\demo_test\Debug\Obj\timer.o
#        D:\ARMworkspace\demo_test\Debug\Obj\usart.o --no_out_extension -o
#        D:\ARMworkspace\demo_test\Debug\Exe\demo_test.out --map
#        D:\ARMworkspace\demo_test\Debug\List\demo_test.map --config
#        "C:\Program Files (x86)\IAR Systems\Embedded Workbench
#        8.3\arm\config\linker\ST\stm32f105x8.icf" --semihosting --entry
#        __iar_program_start --vfe --text_out locale)
#
###############################################################################

*******************************************************************************
*** RUNTIME MODEL ATTRIBUTES
***

CppFlavor       = *
__Heap_Handler  = NoFree
__SystemLibrary = DLib
__dlib_version  = 6


*******************************************************************************
*** HEAP SELECTION
***

The no free heap was selected because no calls to memory
deallocation functions were found in the application.


*******************************************************************************
*** PLACEMENT SUMMARY
***

"A0":  place at address 0x800'0000 { ro section .intvec };
"P1":  place in [from 0x800'0000 to 0x800'ffff] { ro };
define block CSTACK with size = 4K, alignment = 8 { };
define block HEAP with size = 4K, alignment = 8 { };
"P2":  place in [from 0x2000'0000 to 0x2000'ffff] {
          rw, block CSTACK, block HEAP };
initialize by copy { rw };

  Section            Kind         Address    Size  Object
  -------            ----         -------    ----  ------
"A0":                                       0x150
  .intvec            ro code   0x800'0000   0x150  startup_stm32f10x_cl.o [1]
                             - 0x800'0150   0x150

"P1":                                      0x2e54
  .rodata            const     0x800'0150   0xd5c  oled_iic.o [1]
  .rodata            const     0x800'0eac   0x5f0  oled_iic.o [1]
  .rodata            const     0x800'149c   0x474  oled_iic.o [1]
  .text              ro code   0x800'1910   0x38e  oled_iic.o [1]
  .text              ro code   0x800'1c9e    0x3a  zero_init3.o [3]
  .text              ro code   0x800'1cd8   0x11c  iic.o [1]
  .text              ro code   0x800'1df4    0x78  delay.o [1]
  .text              ro code   0x800'1e6c   0x188  stm32f10x_rcc.o [1]
  .text              ro code   0x800'1ff4    0xca  stm32f10x_gpio.o [1]
  .text              ro code   0x800'20be    0x2e  copy_init3.o [3]
  .text              ro code   0x800'20ec   0x1bc  stm32f10x_i2c.o [1]
  .text              ro code   0x800'22a8    0x94  misc.o [1]
  .text              ro code   0x800'233c   0x23c  stm32f10x_usart.o [1]
  .rodata            const     0x800'2578   0x228  oled_iic.o [1]
  .text              ro code   0x800'27a0   0x178  stm32f10x_tim.o [1]
  .text              ro code   0x800'2918   0x150  system_stm32f10x.o [1]
  .text              ro code   0x800'2a68    0xf0  usart.o [1]
  .text              ro code   0x800'2b58    0xb2  ring_buffer_fifo.o [1]
  .text              ro code   0x800'2c0a    0x12  stm32f10x_it.o [1]
  .text              ro code   0x800'2c1c    0x48  no_free_heap0.o [2]
  .text              ro code   0x800'2c64    0x2c  xgetmemchunk.o [2]
  .text              ro code   0x800'2c90    0x98  pwm.o [1]
  .text              ro code   0x800'2d28    0x80  main.o [1]
  .text              ro code   0x800'2da8    0x2c  led.o [1]
  .text              ro code   0x800'2dd4    0x28  data_init.o [3]
  .iar.init_table    const     0x800'2dfc    0x24  - Linker created -
  .text              ro code   0x800'2e20    0x1e  cmain.o [3]
  .text              ro code   0x800'2e3e     0x4  low_level_init.o [2]
  .text              ro code   0x800'2e42     0x4  exit.o [2]
  .text              ro code   0x800'2e48     0xa  cexit.o [3]
  .text              ro code   0x800'2e54    0x14  exit.o [4]
  Initializer bytes  const     0x800'2e68    0x18  <for P2-1>
  text               ro code   0x800'2e80    0x10  startup_stm32f10x_cl.o [1]
  .rodata            const     0x800'2e90     0xc  main.o [1]
  .rodata            const     0x800'2e9c     0xc  main.o [1]
  .text              ro code   0x800'2ea8     0xc  cstartup_M.o [3]
  text               ro code   0x800'2eb4     0x4  startup_stm32f10x_cl.o [1]
  text               ro code   0x800'2eb8     0x4  startup_stm32f10x_cl.o [1]
  text               ro code   0x800'2ebc     0x4  startup_stm32f10x_cl.o [1]
  text               ro code   0x800'2ec0     0x4  startup_stm32f10x_cl.o [1]
  text               ro code   0x800'2ec4     0x4  startup_stm32f10x_cl.o [1]
  text               ro code   0x800'2ec8     0x4  startup_stm32f10x_cl.o [1]
  text               ro code   0x800'2ecc     0x4  startup_stm32f10x_cl.o [1]
  text               ro code   0x800'2ed0     0x4  startup_stm32f10x_cl.o [1]
  text               ro code   0x800'2ed4     0x4  startup_stm32f10x_cl.o [1]
  text               ro code   0x800'2ed8     0x4  startup_stm32f10x_cl.o [1]
  text               ro code   0x800'2edc     0x4  startup_stm32f10x_cl.o [1]
  text               ro code   0x800'2ee0     0x4  startup_stm32f10x_cl.o [1]
  text               ro code   0x800'2ee4     0x4  startup_stm32f10x_cl.o [1]
  text               ro code   0x800'2ee8     0x4  startup_stm32f10x_cl.o [1]
  text               ro code   0x800'2eec     0x4  startup_stm32f10x_cl.o [1]
  text               ro code   0x800'2ef0     0x4  startup_stm32f10x_cl.o [1]
  text               ro code   0x800'2ef4     0x4  startup_stm32f10x_cl.o [1]
  text               ro code   0x800'2ef8     0x4  startup_stm32f10x_cl.o [1]
  text               ro code   0x800'2efc     0x4  startup_stm32f10x_cl.o [1]
  text               ro code   0x800'2f00     0x4  startup_stm32f10x_cl.o [1]
  text               ro code   0x800'2f04     0x4  startup_stm32f10x_cl.o [1]
  text               ro code   0x800'2f08     0x4  startup_stm32f10x_cl.o [1]
  text               ro code   0x800'2f0c     0x4  startup_stm32f10x_cl.o [1]
  text               ro code   0x800'2f10     0x4  startup_stm32f10x_cl.o [1]
  text               ro code   0x800'2f14     0x4  startup_stm32f10x_cl.o [1]
  text               ro code   0x800'2f18     0x4  startup_stm32f10x_cl.o [1]
  text               ro code   0x800'2f1c     0x4  startup_stm32f10x_cl.o [1]
  text               ro code   0x800'2f20     0x4  startup_stm32f10x_cl.o [1]
  text               ro code   0x800'2f24     0x4  startup_stm32f10x_cl.o [1]
  text               ro code   0x800'2f28     0x4  startup_stm32f10x_cl.o [1]
  text               ro code   0x800'2f2c     0x4  startup_stm32f10x_cl.o [1]
  text               ro code   0x800'2f30     0x4  startup_stm32f10x_cl.o [1]
  text               ro code   0x800'2f34     0x4  startup_stm32f10x_cl.o [1]
  text               ro code   0x800'2f38     0x4  startup_stm32f10x_cl.o [1]
  text               ro code   0x800'2f3c     0x4  startup_stm32f10x_cl.o [1]
  text               ro code   0x800'2f40     0x4  startup_stm32f10x_cl.o [1]
  text               ro code   0x800'2f44     0x4  startup_stm32f10x_cl.o [1]
  text               ro code   0x800'2f48     0x4  startup_stm32f10x_cl.o [1]
  text               ro code   0x800'2f4c     0x4  startup_stm32f10x_cl.o [1]
  text               ro code   0x800'2f50     0x4  startup_stm32f10x_cl.o [1]
  text               ro code   0x800'2f54     0x4  startup_stm32f10x_cl.o [1]
  text               ro code   0x800'2f58     0x4  startup_stm32f10x_cl.o [1]
  text               ro code   0x800'2f5c     0x4  startup_stm32f10x_cl.o [1]
  text               ro code   0x800'2f60     0x4  startup_stm32f10x_cl.o [1]
  text               ro code   0x800'2f64     0x4  startup_stm32f10x_cl.o [1]
  text               ro code   0x800'2f68     0x4  startup_stm32f10x_cl.o [1]
  text               ro code   0x800'2f6c     0x4  startup_stm32f10x_cl.o [1]
  text               ro code   0x800'2f70     0x4  startup_stm32f10x_cl.o [1]
  text               ro code   0x800'2f74     0x4  startup_stm32f10x_cl.o [1]
  text               ro code   0x800'2f78     0x4  startup_stm32f10x_cl.o [1]
  text               ro code   0x800'2f7c     0x4  startup_stm32f10x_cl.o [1]
  text               ro code   0x800'2f80     0x4  startup_stm32f10x_cl.o [1]
  text               ro code   0x800'2f84     0x4  startup_stm32f10x_cl.o [1]
  text               ro code   0x800'2f88     0x4  startup_stm32f10x_cl.o [1]
  text               ro code   0x800'2f8c     0x4  startup_stm32f10x_cl.o [1]
  text               ro code   0x800'2f90     0x4  startup_stm32f10x_cl.o [1]
  text               ro code   0x800'2f94     0x4  startup_stm32f10x_cl.o [1]
  text               ro code   0x800'2f98     0x4  startup_stm32f10x_cl.o [1]
  text               ro code   0x800'2f9c     0x4  startup_stm32f10x_cl.o [1]
  text               ro code   0x800'2fa0     0x4  startup_stm32f10x_cl.o [1]
  .rodata            const     0x800'2fa4     0x0  zero_init3.o [3]
  .rodata            const     0x800'2fa4     0x0  copy_init3.o [3]
                             - 0x800'2fa4  0x2e54

"P2", part 1 of 3:                           0x18
  P2-1                        0x2000'0000    0x18  <Init block>
    .data            inited   0x2000'0000    0x10  stm32f10x_rcc.o [1]
    .data            inited   0x2000'0010     0x4  stm32f10x_rcc.o [1]
    .data            inited   0x2000'0014     0x4  system_stm32f10x.o [1]
                            - 0x2000'0018    0x18

"P2", part 2 of 3:                          0x49c
  .bss               zero     0x2000'0018   0x480  oled_iic.o [1]
  .bss               zero     0x2000'0498    0x10  ring_buffer_fifo.o [1]
  .bss               zero     0x2000'04a8     0x4  no_free_heap0.o [2]
  .bss               zero     0x2000'04ac     0x4  xgetmemchunk.o [2]
  .bss               zero     0x2000'04b0     0x2  delay.o [1]
  .bss               zero     0x2000'04b2     0x1  delay.o [1]
                            - 0x2000'04b3   0x49b

"P2", part 3 of 3:                         0x2000
  CSTACK                      0x2000'04b8  0x1000  <Block>
    CSTACK           uninit   0x2000'04b8  0x1000  <Block tail>
  HEAP                        0x2000'14b8  0x1000  <Block>
    HEAP             uninit   0x2000'14b8  0x1000  <Block tail>
                            - 0x2000'24b8  0x2000

Unused ranges:

         From           To    Size
         ----           --    ----
   0x800'2fa4   0x800'ffff  0xd05c
  0x2000'04b4  0x2000'04b7     0x4
  0x2000'24b8  0x2000'ffff  0xdb48


*******************************************************************************
*** INIT TABLE
***

          Address      Size
          -------      ----
Zero (__iar_zero_init3)
    1 destination range, total size 0x49b:
          0x2000'0018  0x49b

Copy (__iar_copy_init3)
    1 source range, total size 0x18:
           0x800'2e68   0x18
    1 destination range, total size 0x18:
          0x2000'0000   0x18



*******************************************************************************
*** MODULE SUMMARY
***

    Module                  ro code  ro data  rw data
    ------                  -------  -------  -------
command line/config:
    -------------------------------------------------
    Total:

D:\ARMworkspace\demo_test\Debug\Obj: [1]
    delay.o                     120                 3
    iic.o                       284
    led.o                        44
    main.o                      128       24
    misc.o                      148
    oled_iic.o                  910    6'632    1'152
    pwm.o                       152
    ring_buffer_fifo.o          178                16
    startup_stm32f10x_cl.o      592
    stm32f10x_gpio.o            202
    stm32f10x_i2c.o             444
    stm32f10x_it.o               18
    stm32f10x_rcc.o             392       20       20
    stm32f10x_tim.o             376
    stm32f10x_usart.o           572
    system_stm32f10x.o          336        4        4
    usart.o                     240
    -------------------------------------------------
    Total:                    5'136    6'680    1'195

dl7M_tlf.a: [2]
    exit.o                        4
    low_level_init.o              4
    no_free_heap0.o              72                 4
    xgetmemchunk.o               44                 4
    -------------------------------------------------
    Total:                      124                 8

rt7M_tl.a: [3]
    cexit.o                      10
    cmain.o                      30
    copy_init3.o                 46
    cstartup_M.o                 12
    data_init.o                  40
    zero_init3.o                 58
    -------------------------------------------------
    Total:                      196

shb_l.a: [4]
    exit.o                       20
    -------------------------------------------------
    Total:                       20

    Gaps                          4
    Linker created                        36    8'192
-----------------------------------------------------
    Grand Total:              5'480    6'716    9'395


*******************************************************************************
*** ENTRY LIST
***

Entry                       Address   Size  Type      Object
-----                       -------   ----  ----      ------
.iar.init_table$$Base    0x800'2dfc          --   Gb  - Linker created -
.iar.init_table$$Limit   0x800'2e20          --   Gb  - Linker created -
?main                    0x800'2e21         Code  Gb  cmain.o [3]
ADCPrescTable           0x2000'0010    0x4  Data  Lc  stm32f10x_rcc.o [1]
APBAHBPrescTable        0x2000'0000   0x10  Data  Lc  stm32f10x_rcc.o [1]
BusFault_Handler         0x800'2c11    0x2  Code  Gb  stm32f10x_it.o [1]
CSTACK$$Base            0x2000'04b8          --   Gb  - Linker created -
CSTACK$$Limit           0x2000'14b8          --   Gb  - Linker created -
DebugMon_Handler         0x800'2c17    0x2  Code  Gb  stm32f10x_it.o [1]
GPIO_Init                0x800'1ff5   0xca  Code  Gb  stm32f10x_gpio.o [1]
HEAP$$Base              0x2000'14b8          --   Gb  - Linker created -
HEAP$$Limit             0x2000'24b8          --   Gb  - Linker created -
HardFault_Handler        0x800'2c0d    0x2  Code  Gb  stm32f10x_it.o [1]
I2C1_Write               0x800'1d4d   0x72  Code  Lc  iic.o [1]
I2C_AcknowledgeConfig    0x800'224d   0x1c  Code  Gb  stm32f10x_i2c.o [1]
I2C_CheckEvent           0x800'2285   0x24  Code  Gb  stm32f10x_i2c.o [1]
I2C_Cmd                  0x800'21f9   0x1c  Code  Gb  stm32f10x_i2c.o [1]
I2C_DeInit               0x800'20ed   0x34  Code  Gb  stm32f10x_i2c.o [1]
I2C_GenerateSTART        0x800'2215   0x1c  Code  Gb  stm32f10x_i2c.o [1]
I2C_GenerateSTOP         0x800'2231   0x1c  Code  Gb  stm32f10x_i2c.o [1]
I2C_Init                 0x800'2121   0xc6  Code  Gb  stm32f10x_i2c.o [1]
I2C_Send7bitAddress      0x800'226f   0x16  Code  Gb  stm32f10x_i2c.o [1]
I2C_SendData             0x800'2269    0x6  Code  Gb  stm32f10x_i2c.o [1]
IIC_WriteCmd             0x800'1dd9    0xe  Code  Gb  iic.o [1]
IIC_WriteData            0x800'1de7    0xe  Code  Gb  iic.o [1]
LED_Init                 0x800'2da9   0x2c  Code  Gb  led.o [1]
MemManage_Handler        0x800'2c0f    0x2  Code  Gb  stm32f10x_it.o [1]
NMI_Handler              0x800'2c0b    0x2  Code  Gb  stm32f10x_it.o [1]
NVIC_Init                0x800'22a9   0x62  Code  Gb  misc.o [1]
OLED_Clear               0x800'194b   0x36  Code  Gb  oled_iic.o [1]
OLED_DrawPoint           0x800'1981   0x9e  Code  Gb  oled_iic.o [1]
OLED_GRAM               0x2000'0018  0x480  Data  Gb  oled_iic.o [1]
OLED_IIC_Init            0x800'1cd9   0x74  Code  Gb  iic.o [1]
OLED_Init                0x800'1be5   0xba  Code  Gb  oled_iic.o [1]
OLED_Refresh             0x800'1911   0x3a  Code  Gb  oled_iic.o [1]
OLED_ShowChar            0x800'1a1f  0x168  Code  Gb  oled_iic.o [1]
OLED_ShowString          0x800'1b9d   0x48  Code  Gb  oled_iic.o [1]
PWM_Init                 0x800'2c91   0x98  Code  Gb  pwm.o [1]
PendSV_Handler           0x800'2c19    0x2  Code  Gb  stm32f10x_it.o [1]
RCC_APB1PeriphClockCmd   0x800'1f77   0x1c  Code  Gb  stm32f10x_rcc.o [1]
RCC_APB1PeriphResetCmd   0x800'1faf   0x1c  Code  Gb  stm32f10x_rcc.o [1]
RCC_APB2PeriphClockCmd   0x800'1f5b   0x1c  Code  Gb  stm32f10x_rcc.o [1]
RCC_APB2PeriphResetCmd   0x800'1f93   0x1c  Code  Gb  stm32f10x_rcc.o [1]
RCC_GetClocksFreq        0x800'1e6d   0xee  Code  Gb  stm32f10x_rcc.o [1]
Region$$Table$$Base      0x800'2dfc          --   Gb  - Linker created -
Region$$Table$$Limit     0x800'2e20          --   Gb  - Linker created -
SVC_Handler              0x800'2c15    0x2  Code  Gb  stm32f10x_it.o [1]
SetSysClock              0x800'296b    0x8  Code  Lc  system_stm32f10x.o [1]
SetSysClockTo72          0x800'2973   0xd2  Code  Lc  system_stm32f10x.o [1]
SysTick_CLKSourceConfig
                         0x800'230b   0x1c  Code  Gb  misc.o [1]
SysTick_Handler          0x800'2c1b    0x2  Code  Gb  stm32f10x_it.o [1]
SystemCoreClock         0x2000'0014    0x4  Data  Gb  system_stm32f10x.o [1]
SystemInit               0x800'2919   0x52  Code  Gb  system_stm32f10x.o [1]
TIM_ARRPreloadConfig     0x800'28b7   0x1c  Code  Gb  stm32f10x_tim.o [1]
TIM_Cmd                  0x800'289b   0x1c  Code  Gb  stm32f10x_tim.o [1]
TIM_OC4Init              0x800'2833   0x68  Code  Gb  stm32f10x_tim.o [1]
TIM_OC4PreloadConfig     0x800'28d3   0x12  Code  Gb  stm32f10x_tim.o [1]
TIM_SetCompare4          0x800'28e5    0x6  Code  Gb  stm32f10x_tim.o [1]
TIM_TimeBaseInit         0x800'27a1   0x92  Code  Gb  stm32f10x_tim.o [1]
USART1_IRQHandler        0x800'2a69   0x2e  Code  Gb  usart.o [1]
USART1_Init              0x800'2a97   0xb4  Code  Gb  usart.o [1]
USART_Cmd                0x800'249d   0x1c  Code  Gb  stm32f10x_usart.o [1]
USART_DeInit             0x800'233d   0x8e  Code  Gb  stm32f10x_usart.o [1]
USART_GetITStatus        0x800'2515   0x64  Code  Gb  stm32f10x_usart.o [1]
USART_ITConfig           0x800'24b9   0x54  Code  Gb  stm32f10x_usart.o [1]
USART_Init               0x800'23cb   0xbc  Code  Gb  stm32f10x_usart.o [1]
USART_ReceiveData        0x800'250d    0x8  Code  Gb  stm32f10x_usart.o [1]
UsageFault_Handler       0x800'2c13    0x2  Code  Gb  stm32f10x_it.o [1]
__cmain                  0x800'2e21         Code  Gb  cmain.o [3]
__data_GetMemChunk       0x800'2c65   0x2c  Code  Gb  xgetmemchunk.o [2]
__data_GetMemChunk::start
                        0x2000'04ac    0x4  Data  Lc  xgetmemchunk.o [2]
__exit                   0x800'2e55   0x14  Code  Gb  exit.o [4]
__iar_copy_init3         0x800'20bf   0x2e  Code  Gb  copy_init3.o [3]
__iar_data_init3         0x800'2dd5   0x28  Code  Gb  data_init.o [3]
__iar_program_start      0x800'2ea9         Code  Gb  cstartup_M.o [3]
__iar_zero_init3         0x800'1c9f   0x3a  Code  Gb  zero_init3.o [3]
__low_level_init         0x800'2e3f    0x4  Code  Gb  low_level_init.o [2]
__no_free_malloc         0x800'2c1d   0x44  Code  Gb  no_free_heap0.o [2]
__vector_table           0x800'0000         Data  Gb  startup_stm32f10x_cl.o [1]
_buffer_fifo_write_byte
                         0x800'2b9b   0x26  Code  Lc  ring_buffer_fifo.o [1]
_call_main               0x800'2e2d         Code  Gb  cmain.o [3]
_exit                    0x800'2e49         Code  Gb  cexit.o [3]
_main                    0x800'2e3b         Code  Gb  cmain.o [3]
asc2_0806                0x800'2578  0x228  Data  Gb  oled_iic.o [1]
asc2_1206                0x800'149c  0x474  Data  Gb  oled_iic.o [1]
asc2_1608                0x800'0eac  0x5f0  Data  Gb  oled_iic.o [1]
asc2_2412                0x800'0150  0xd5c  Data  Gb  oled_iic.o [1]
buffer_fifo_init         0x800'2b59   0x42  Code  Gb  ring_buffer_fifo.o [1]
buffer_fifo_write        0x800'2bc1   0x4a  Code  Gb  ring_buffer_fifo.o [1]
delay_init               0x800'1df5   0x26  Code  Gb  delay.o [1]
delay_ms                 0x800'1e1b   0x34  Code  Gb  delay.o [1]
exit                     0x800'2e43    0x4  Code  Gb  exit.o [2]
fac_ms                  0x2000'04b0    0x2  Data  Lc  delay.o [1]
fac_us                  0x2000'04b2    0x1  Data  Lc  delay.o [1]
fifo                    0x2000'0498   0x10  Data  Gb  ring_buffer_fifo.o [1]
main                     0x800'2d29   0x80  Code  Gb  main.o [1]
qs                      0x2000'04a8    0x4  Data  Lc  no_free_heap0.o [2]


[1] = D:\ARMworkspace\demo_test\Debug\Obj
[2] = dl7M_tlf.a
[3] = rt7M_tl.a
[4] = shb_l.a

  5'480 bytes of readonly  code memory
  6'716 bytes of readonly  data memory
  9'395 bytes of readwrite data memory

Errors: none
Warnings: none
